
   FAIL  Tests\Feature\ApiTest
  Γ¿» subscribe   0.66s  
  Γ¿» enquiry     0.11s  
  ΓöÇΓöÇΓöÇΓöÇΓöÇΓöÇΓöÇΓöÇΓöÇΓöÇΓöÇΓöÇΓöÇΓöÇΓöÇΓöÇΓöÇΓöÇΓöÇ  
   FAILED  Tests\Feature\ApiTest > subscribe  NotFoundHttpException   
  POST http://localhost/api/subscribe

  at vendor\laravel\framework\src\Illuminate\Foundation\Http\Kernel.php:574
    570Γûò      * @return \Symfony\Component\HttpFoundation\Response
    571Γûò      */
    572Γûò     protected function renderException($request, Throwable $e)
    573Γûò     {
  Γ₧£ 574Γûò         return $this->app[ExceptionHandler::class]->render($request, $e);
    575Γûò     }
    576Γûò 
    577Γûò     /**
    578Γûò      * Get the application's global middleware.

  1   vendor\laravel\framework\src\Illuminate\Foundation\Http\Kernel.php:148
  2   vendor\laravel\framework\src\Illuminate\Routing\Pipeline.php:51

  ΓöÇΓöÇΓöÇΓöÇΓöÇΓöÇΓöÇΓöÇΓöÇΓöÇΓöÇΓöÇΓöÇΓöÇΓöÇΓöÇΓöÇΓöÇΓöÇ  
   FAILED  Tests\FeΓÇª   
  Expected response status code [200] but received 404.
Failed asserting that 404 is identical to 200.

  at tests\Feature\ApiTest.php:32
     28Γûò             'message' => 'Msg',
     29Γûò             'category' => 'General'
     30Γûò         ]);
     31Γûò 
  Γ₧£  32Γûò         $response->assertStatus(200);
     33Γûò         $this->assertDatabaseHas('enquiries', ['name' => 'Test']);
     34Γûò     }
     35Γûò }
     36Γûò


  Tests:    2 failed (1 assertions)
  Duration: 1.21s

